// Jest Snapshot v1, https://goo.gl/fbAQLP

exports[`test <RegisterScreen /> should return <RegisterScreen /> component 1`] = `
Array [
  <h3
    className="auth__title"
  >
    Register
  </h3>,
  <form
    className="animate__animated animate__fadeIn animate__faster"
    onSubmit={[Function]}
  >
    <input
      autoComplete="off"
      className="auth__input"
      name="name"
      onChange={[Function]}
      placeholder="Name"
      type="text"
      value="Carlos Espejel Salazar"
    />
    <input
      autoComplete="off"
      className="auth__input"
      name="email"
      onChange={[Function]}
      placeholder="Email"
      type="text"
      value="carlosespejel@gmail.com"
    />
    <input
      className="auth__input"
      name="password"
      onChange={[Function]}
      placeholder="Password"
      type="password"
      value="12345678"
    />
    <input
      className="auth__input"
      name="confirm_password"
      onChange={[Function]}
      placeholder="Confirm password"
      type="password"
      value="12345678"
    />
    <button
      className="btn btn-primary btn-block mb-5"
      type="submit"
    >
      Register
    </button>
    <a
      className="link mt-5"
      href="/auth/login"
      onClick={[Function]}
    >
      Already registered? Sign in now!
    </a>
  </form>,
]
`;
