// Jest Snapshot v1, https://goo.gl/fbAQLP

exports[`test <NoteScreen /> should return <NoteScreen /> component 1`] = `
<div
  className="notes__main-content animate__animated animate__fadeIn animate__faster"
>
  <div
    className="notes__app-bar"
  >
    <span>
      28 de agosto del 2021
    </span>
    <input
      id="fileSelector"
      name="file"
      onChange={[Function]}
      style={
        Object {
          "display": "none",
        }
      }
      type="file"
    />
    <div>
      <button
        className="btn cursor"
        onClick={[Function]}
      >
        Picture
      </button>
      <button
        className="btn cursor"
        onClick={[Function]}
      >
        Save
      </button>
    </div>
  </div>
  <div
    className="notes__content"
  >
    <input
      autoComplete="off"
      className="notes__title-input"
      name="title"
      onChange={[Function]}
      placeholder="Some awesome title"
      type="text"
      value=""
    />
    <textarea
      className="notes__textarea"
      name="body"
      onChange={[Function]}
      placeholder="What happened today?"
      value=""
    />
  </div>
  <button
    className="btn btn-danger"
    onClick={[Function]}
  >
    Delete
  </button>
</div>
`;
