// Jest Snapshot v1, https://goo.gl/fbAQLP

exports[`test <JournalEntry /> should return <JournalEntry /> component 1`] = `
<div
  className="journal__entry pointer animate__animated animate__fadeIn"
  onClick={[Function]}
>
  <div
    className="journal__entry-body"
  >
    <p
      className="journal__entry-title"
    >
      Test note
    </p>
    <p
      className="journal__entry-content"
    >
      This is a test note
    </p>
  </div>
  <div
    className="journal__entry-date-box"
  >
    <span>
      Thursday
    </span>
    <h4>
      24th
    </h4>
  </div>
</div>
`;
